#-----------------------------------------------------------
# Vivado v2017.2 (64-bit)
# SW Build 1909853 on Thu Jun 15 18:39:09 MDT 2017
# IP Build 1909766 on Thu Jun 15 19:58:00 MDT 2017
# Start of session at: Fri Dec  1 10:35:56 2017
# Process ID: 14264
# Current directory: D:/XLINIX Projects/GP/better group project/CSE320-Project-Files/teamproject
# Command line: vivado.exe -gui_launcher_event rodinguilauncherevent3080 D:\XLINIX Projects\GP\better group project\CSE320-Project-Files\teamproject\teamproject.xpr
# Log file: D:/XLINIX Projects/GP/better group project/CSE320-Project-Files/teamproject/vivado.log
# Journal file: D:/XLINIX Projects/GP/better group project/CSE320-Project-Files/teamproject\vivado.jou
#-----------------------------------------------------------
start_gui
open_project {D:/XLINIX Projects/GP/better group project/CSE320-Project-Files/teamproject/teamproject.xpr}
update_compile_order -fileset sources_1
launch_simulation
source topmod_tb.tcl
set_property SOURCE_SET sources_1 [get_filesets sim_1]
add_files -fileset sim_1 -norecurse {{D:/XLINIX Projects/GP/better group project/CSE320-Project-Files/source files/memint_tb.sv}}
update_compile_order -fileset sim_1
set_property top meminttb [get_filesets sim_1]
set_property top_lib xil_defaultlib [get_filesets sim_1]
update_compile_order -fileset sim_1
launch_simulation
source meminttb.tcl
close_sim
launch_simulation
source meminttb.tcl
close_sim
launch_simulation
source meminttb.tcl
close_sim
close_sim
